// Jest Snapshot v1, https://goo.gl/fbAQLP

exports[`PostTemplate renders correctly 1`] = `
<div
  className="layout"
>
  <div
    className="topbar"
  >
    <div
      className="topbar__inner"
    >
      <div
        className="author"
      >
        <span
          className="author__title"
        >
          <a
            className="author__title-link"
            href="/"
          >
            Test name
          </a>
        </span>
      </div>
      <nav
        className="menu"
      >
        <a
          className="menu__list-item-link"
          href="/test/1/"
        >
          Test label 1
        </a>
        <a
          className="menu__list-item-link"
          href="/test/2/"
        >
          Test label 2
        </a>
        <a
          className="menu__list-item-link"
          href="/test/3/"
        >
          Test label 3
        </a>
      </nav>
    </div>
  </div>
  <div
    className="post"
  >
    <div
      className="post__content"
    >
      <div
        className="content"
      >
        <h2
          className="content__title"
        >
          test
        </h2>
        <div
          className="content__body"
          dangerouslySetInnerHTML={
            Object {
              "__html": "<p>test</p>",
            }
          }
        />
      </div>
    </div>
    <div
      className="post__footer"
    >
      <div
        className="meta"
      >
        <p
          className="meta__date"
        >
          Published 
          01
           
          Sep
           
          2016
        </p>
      </div>
      <div
        className="tags"
      >
        <ul
          className="tags__list"
        >
          <li
            className="tags__list-item"
          >
            <a
              className="tags__list-item-link"
              href="/test_0"
            >
              test_0
            </a>
          </li>
          <li
            className="tags__list-item"
          >
            <a
              className="tags__list-item-link"
              href="/test_1"
            >
              test_1
            </a>
          </li>
        </ul>
      </div>
      <div
        className="author"
      >
        <p
          className="author__bio"
        >
          Test bio
        </p>
        <p>
          <a
            className="author__bio-twitter"
            href="https://twitter.com/#"
            rel="noopener noreferrer"
            target="_blank"
          >
            <strong>
              Test name
            </strong>
             on Twitter
          </a>
        </p>
      </div>
    </div>
    <div
      className="post__comments"
    >
      <div
        id="inject-comments-for-uterances"
      />
    </div>
  </div>
  <div
    className="footer"
  >
    <div
      className="footer__inner"
    >
      <div
        className="footer__copyright"
      >
        <div
          className="copyright"
        >
          Test copyright
        </div>
      </div>
      <div
        className="footer__daily"
      >
        <div
          className="daily"
        >
          Happy Thursday. â˜•
        </div>
      </div>
    </div>
  </div>
</div>
`;
